2025-12-08 05:42:17 - sentiment_analysis - INFO - Loading configuration from config/config.yaml
2025-12-08 05:42:17 - sentiment_analysis - INFO - Configuration loaded sucessfully
2025-12-08 05:42:25 - sentiment_analysis - INFO - Loading production model from MLflow Registry.
2025-12-08 05:42:26 - sentiment_analysis - INFO - Found experiment with ID: 1
2025-12-08 05:42:26 - sentiment_analysis - INFO - Found Production version: <ModelVersion: aliases=[], creation_timestamp=1764937268784, current_stage='Production', deployment_job_state=None, description=None, last_updated_timestamp=1764938149332, metrics=None, model_id=None, name='sentiment_analysis_logistic_regression_optuna_best', params=None, run_id='5c55f512398d4de1aa952a50e58c94f3', run_link=None, source='models:/m-4d6eddef6d03492ebcda476b335a5f5c', status='READY', status_message=None, tags={}, user_id=None, version=1>
2025-12-08 05:42:26 - sentiment_analysis - INFO - Found 6 runs
2025-12-08 05:42:26 - sentiment_analysis - INFO - Run 5c55f512398d4de1aa952a50e58c94f3 score: 0.8991532183837516
2025-12-08 05:42:26 - sentiment_analysis - INFO - Run 8368ec131e4b4ca4abb2fe17308f7d6f score: 0.7208075105847702
2025-12-08 05:42:26 - sentiment_analysis - INFO - Run 8b0049dced8d472faa284f147bf634d0 score: 0.7089648401546297
2025-12-08 05:42:26 - sentiment_analysis - INFO - Run fc5847b5a4db462cbb29cd79bace8330 score: 0.4575995582008959
2025-12-08 05:42:26 - sentiment_analysis - INFO - Best run ID: 5c55f512398d4de1aa952a50e58c94f3
2025-12-08 05:42:27 - sentiment_analysis - INFO - Trying to load model from local system
2025-12-08 05:42:28 - sentiment_analysis - ERROR - FATAL ERROR during startup: module 'datetime' has no attribute 'now'
2025-12-08 05:57:06 - sentiment_analysis - INFO - Loading configuration from config/config.yaml
2025-12-08 05:57:06 - sentiment_analysis - INFO - Configuration loaded sucessfully
2025-12-08 05:57:37 - sentiment_analysis - INFO - Loading production model from MLflow Registry.
2025-12-08 05:57:39 - sentiment_analysis - INFO - Found experiment with ID: 1
2025-12-08 05:57:39 - sentiment_analysis - INFO - Found Production version: <ModelVersion: aliases=[], creation_timestamp=1764937268784, current_stage='Production', deployment_job_state=None, description=None, last_updated_timestamp=1764938149332, metrics=None, model_id=None, name='sentiment_analysis_logistic_regression_optuna_best', params=None, run_id='5c55f512398d4de1aa952a50e58c94f3', run_link=None, source='models:/m-4d6eddef6d03492ebcda476b335a5f5c', status='READY', status_message=None, tags={}, user_id=None, version=1>
2025-12-08 05:57:39 - sentiment_analysis - INFO - Found 6 runs
2025-12-08 05:57:39 - sentiment_analysis - INFO - Run 5c55f512398d4de1aa952a50e58c94f3 score: 0.8991532183837516
2025-12-08 05:57:39 - sentiment_analysis - INFO - Run 8368ec131e4b4ca4abb2fe17308f7d6f score: 0.7208075105847702
2025-12-08 05:57:39 - sentiment_analysis - INFO - Run 8b0049dced8d472faa284f147bf634d0 score: 0.7089648401546297
2025-12-08 05:57:39 - sentiment_analysis - INFO - Run fc5847b5a4db462cbb29cd79bace8330 score: 0.4575995582008959
2025-12-08 05:57:39 - sentiment_analysis - INFO - Best run ID: 5c55f512398d4de1aa952a50e58c94f3
2025-12-08 05:57:39 - sentiment_analysis - INFO - Trying to load model from local system
2025-12-08 05:57:43 - sentiment_analysis - ERROR - FATAL ERROR during startup: module 'datetime' has no attribute 'now'
